TAP version 13
# Subtest: source index registers every source-local module directory
ok 1 - source index registers every source-local module directory
  ---
  duration_ms: 4.091701
  type: 'test'
  ...
# Subtest: source modules publish only source-local fixture paths
ok 2 - source modules publish only source-local fixture paths
  ---
  duration_ms: 2.316109
  type: 'test'
  ...
# Subtest: greenhouse source module parses list fixture and emits strict normalized evidence
ok 3 - greenhouse source module parses list fixture and emits strict normalized evidence
  ---
  duration_ms: 51.484472
  type: 'test'
  ...
# Subtest: greenhouse source module rejects or quarantines invalid-shape fixtures
ok 4 - greenhouse source module rejects or quarantines invalid-shape fixtures
  ---
  duration_ms: 5.358146
  type: 'test'
  ...
# Subtest: lever source module parses list fixture and emits strict normalized evidence
ok 5 - lever source module parses list fixture and emits strict normalized evidence
  ---
  duration_ms: 2.437169
  type: 'test'
  ...
# Subtest: lever source module rejects or quarantines invalid-shape fixtures
ok 6 - lever source module rejects or quarantines invalid-shape fixtures
  ---
  duration_ms: 4.452166
  type: 'test'
  ...
# Subtest: ashby source module parses list fixture and emits strict normalized evidence
ok 7 - ashby source module parses list fixture and emits strict normalized evidence
  ---
  duration_ms: 7.02354
  type: 'test'
  ...
# Subtest: ashby source module rejects or quarantines invalid-shape fixtures
ok 8 - ashby source module rejects or quarantines invalid-shape fixtures
  ---
  duration_ms: 3.20108
  type: 'test'
  ...
# Subtest: smartrecruiters source module parses list fixture and emits strict normalized evidence
ok 9 - smartrecruiters source module parses list fixture and emits strict normalized evidence
  ---
  duration_ms: 3.369991
  type: 'test'
  ...
# Subtest: smartrecruiters source module rejects or quarantines invalid-shape fixtures
ok 10 - smartrecruiters source module rejects or quarantines invalid-shape fixtures
  ---
  duration_ms: 3.593956
  type: 'test'
  ...
# Subtest: recruitee source module parses list fixture and emits strict normalized evidence
ok 11 - recruitee source module parses list fixture and emits strict normalized evidence
  ---
  duration_ms: 3.696721
  type: 'test'
  ...
# Subtest: recruitee source module rejects or quarantines invalid-shape fixtures
ok 12 - recruitee source module rejects or quarantines invalid-shape fixtures
  ---
  duration_ms: 3.530366
  type: 'test'
  ...
# Subtest: bamboohr source module parses list fixture and emits strict normalized evidence
ok 13 - bamboohr source module parses list fixture and emits strict normalized evidence
  ---
  duration_ms: 8.148527
  type: 'test'
  ...
# Subtest: bamboohr source module rejects or quarantines invalid-shape fixtures
ok 14 - bamboohr source module rejects or quarantines invalid-shape fixtures
  ---
  duration_ms: 2.579369
  type: 'test'
  ...
# Subtest: manatal source module parses list fixture and emits strict normalized evidence
ok 15 - manatal source module parses list fixture and emits strict normalized evidence
  ---
  duration_ms: 3.700288
  type: 'test'
  ...
# Subtest: manatal source module rejects or quarantines invalid-shape fixtures
ok 16 - manatal source module rejects or quarantines invalid-shape fixtures
  ---
  duration_ms: 2.493004
  type: 'test'
  ...
# Subtest: recruitcrm source module parses list fixture and emits strict normalized evidence
ok 17 - recruitcrm source module parses list fixture and emits strict normalized evidence
  ---
  duration_ms: 7.358757
  type: 'test'
  ...
# Subtest: recruitcrm source module rejects or quarantines invalid-shape fixtures
ok 18 - recruitcrm source module rejects or quarantines invalid-shape fixtures
  ---
  duration_ms: 2.793305
  type: 'test'
  ...
# Subtest: pinpointhq source module parses list fixture and emits strict normalized evidence
ok 19 - pinpointhq source module parses list fixture and emits strict normalized evidence
  ---
  duration_ms: 1.835275
  type: 'test'
  ...
# Subtest: pinpointhq source module rejects or quarantines invalid-shape fixtures
ok 20 - pinpointhq source module rejects or quarantines invalid-shape fixtures
  ---
  duration_ms: 3.981412
  type: 'test'
  ...
# Subtest: fountain source module parses list fixture and emits strict normalized evidence
ok 21 - fountain source module parses list fixture and emits strict normalized evidence
  ---
  duration_ms: 2.223733
  type: 'test'
  ...
# Subtest: fountain source module rejects or quarantines invalid-shape fixtures
ok 22 - fountain source module rejects or quarantines invalid-shape fixtures
  ---
  duration_ms: 2.807312
  type: 'test'
  ...
# Subtest: personio source module parses list fixture and emits strict normalized evidence
ok 23 - personio source module parses list fixture and emits strict normalized evidence
  ---
  duration_ms: 5.151915
  type: 'test'
  ...
# Subtest: personio source module rejects or quarantines invalid-shape fixtures
ok 24 - personio source module rejects or quarantines invalid-shape fixtures
  ---
  duration_ms: 0.8686
  type: 'test'
  ...
# Subtest: workable source module parses list fixture and emits strict normalized evidence
ok 25 - workable source module parses list fixture and emits strict normalized evidence
  ---
  duration_ms: 2.852036
  type: 'test'
  ...
# Subtest: workable source module rejects or quarantines invalid-shape fixtures
ok 26 - workable source module rejects or quarantines invalid-shape fixtures
  ---
  duration_ms: 0.677978
  type: 'test'
  ...
# Subtest: isolvisolvedhire source module parses list fixture and emits strict normalized evidence
ok 27 - isolvisolvedhire source module parses list fixture and emits strict normalized evidence
  ---
  duration_ms: 3.965952
  type: 'test'
  ...
# Subtest: isolvisolvedhire source module rejects or quarantines invalid-shape fixtures
ok 28 - isolvisolvedhire source module rejects or quarantines invalid-shape fixtures
  ---
  duration_ms: 3.170322
  type: 'test'
  ...
# Subtest: talexio source module parses list fixture and emits strict normalized evidence
ok 29 - talexio source module parses list fixture and emits strict normalized evidence
  ---
  duration_ms: 2.809817
  type: 'test'
  ...
# Subtest: talexio source module rejects or quarantines invalid-shape fixtures
ok 30 - talexio source module rejects or quarantines invalid-shape fixtures
  ---
  duration_ms: 3.781522
  type: 'test'
  ...
# Subtest: zoho source module parses list fixture and emits strict normalized evidence
ok 31 - zoho source module parses list fixture and emits strict normalized evidence
  ---
  duration_ms: 6.891619
  type: 'test'
  ...
# Subtest: zoho source module rejects or quarantines invalid-shape fixtures
ok 32 - zoho source module rejects or quarantines invalid-shape fixtures
  ---
  duration_ms: 3.068397
  type: 'test'
  ...
# Subtest: greenhouse source module merges office geo and work-mode evidence
ok 33 - greenhouse source module merges office geo and work-mode evidence
  ---
  duration_ms: 14.234355
  type: 'test'
  ...
# Subtest: gem source module parses list fixture and emits strict normalized evidence
not ok 34 - gem source module parses list fixture and emits strict normalized evidence
  ---
  duration_ms: 7.357104
  type: 'test'
  location: '/app/server/ingestion/sources/directSourceModules.test.js:183:1'
  failureType: 'testCodeFailure'
  error: |-
    Expected values to be strictly equal:
    + actual - expected
    
    + 'https://jobs.gem.com/fixtureco/fixture-6001'
    - 'https://jobs.gem.com/fixtureco/6001'
    
  code: 'ERR_ASSERTION'
  name: 'AssertionError'
  expected: 'https://jobs.gem.com/fixtureco/6001'
  actual: 'https://jobs.gem.com/fixtureco/fixture-6001'
  operator: 'strictEqual'
  stack: |-
    TestContext.<anonymous> (/app/server/ingestion/sources/directSourceModules.test.js:217:12)
    Test.runInAsyncScope (node:async_hooks:214:14)
    Test.run (node:internal/test_runner/test:1047:25)
    Test.processPendingSubtests (node:internal/test_runner/test:744:18)
    Test.postRun (node:internal/test_runner/test:1173:19)
    Test.run (node:internal/test_runner/test:1101:12)
    async Test.processPendingSubtests (node:internal/test_runner/test:744:7)
  ...
# Subtest: gem source module rejects or quarantines invalid-shape fixtures
ok 35 - gem source module rejects or quarantines invalid-shape fixtures
  ---
  duration_ms: 1.462157
  type: 'test'
  ...
# Subtest: gem source module fetches API payload through source-local discovery and preserves array parse shape
ok 36 - gem source module fetches API payload through source-local discovery and preserves array parse shape
  ---
  duration_ms: 0.95814
  type: 'test'
  ...
# Subtest: gem source module rejects empty or invalid JSON API payloads
ok 37 - gem source module rejects empty or invalid JSON API payloads
  ---
  duration_ms: 0.956907
  type: 'test'
  ...
# Subtest: smartrecruiters source module fetches search API with source-local discovery and host guard
ok 38 - smartrecruiters source module fetches search API with source-local discovery and host guard
  ---
  duration_ms: 0.987836
  type: 'test'
  ...
# Subtest: target direct ATS modules return no postings for empty raw payloads
ok 39 - target direct ATS modules return no postings for empty raw payloads
  ---
  duration_ms: 0.37921
  type: 'test'
  ...
# Subtest: fountain source module fetches the board JSON endpoint with source-local discovery
ok 40 - fountain source module fetches the board JSON endpoint with source-local discovery
  ---
  duration_ms: 0.94216
  type: 'test'
  ...
# Subtest: fountain source module follows bounded JSON pagination
ok 41 - fountain source module follows bounded JSON pagination
  ---
  duration_ms: 0.471105
  type: 'test'
  ...
# Subtest: fountain source module prefers structured location_address geo evidence
ok 42 - fountain source module prefers structured location_address geo evidence
  ---
  duration_ms: 0.994729
  type: 'test'
  ...
# Subtest: fountain source module parses structured address variants without state-code metadata
ok 43 - fountain source module parses structured address variants without state-code metadata
  ---
  duration_ms: 0.406231
  type: 'test'
  ...
# Subtest: pinpointhq source module fetches postings JSON with source-local cache-busting metadata
ok 44 - pinpointhq source module fetches postings JSON with source-local cache-busting metadata
  ---
  duration_ms: 1.404637
  type: 'test'
  ...
# Subtest: rippling source module fetches paginated board API with source-local discovery
ok 45 - rippling source module fetches paginated board API with source-local discovery
  ---
  duration_ms: 5.869358
  type: 'test'
  ...
# Subtest: manatal source module fetches landing runtime config and paginated jobs API
ok 46 - manatal source module fetches landing runtime config and paginated jobs API
  ---
  duration_ms: 4.15443
  type: 'test'
  ...
# Subtest: manatal source module treats closed careers pages as source-unavailable empty boards
ok 47 - manatal source module treats closed careers pages as source-unavailable empty boards
  ---
  duration_ms: 0.449924
  type: 'test'
  ...
# Subtest: gem source module marks empty jobPostings GraphQL boards as empty-list payloads
ok 48 - gem source module marks empty jobPostings GraphQL boards as empty-list payloads
  ---
  duration_ms: 0.264132
  type: 'test'
  ...
# Subtest: workable source module discovers the public accounts endpoint without token handling
ok 49 - workable source module discovers the public accounts endpoint without token handling
  ---
  duration_ms: 0.175704
  type: 'test'
  ...
# Subtest: personio and workable source modules do not accept title-only remote evidence
ok 50 - personio and workable source modules do not accept title-only remote evidence
  ---
  duration_ms: 3.916228
  type: 'test'
  ...
# Subtest: isolvisolvedhire source module fetches board HTML before jobs API
ok 51 - isolvisolvedhire source module fetches board HTML before jobs API
  ---
  duration_ms: 4.089507
  type: 'test'
  ...
# Subtest: lever source module filters employment categories that are misfiled as locations
ok 52 - lever source module filters employment categories that are misfiled as locations
  ---
  duration_ms: 0.710249
  type: 'test'
  ...
# Subtest: lever source module keeps source location when team duplicates a city label
ok 53 - lever source module keeps source location when team duplicates a city label
  ---
  duration_ms: 1.599458
  type: 'test'
  ...
# Subtest: ashby source module normalizes source-provided location shorthand without shared ATS logic
ok 54 - ashby source module normalizes source-provided location shorthand without shared ATS logic
  ---
  duration_ms: 3.556996
  type: 'test'
  ...
# Subtest: ashby source module uses structured postal address as primary geo evidence
ok 55 - ashby source module uses structured postal address as primary geo evidence
  ---
  duration_ms: 1.317913
  type: 'test'
  ...
# Subtest: ashby source module treats global source-location scopes as explicit remote evidence
ok 56 - ashby source module treats global source-location scopes as explicit remote evidence
  ---
  duration_ms: 8.145471
  type: 'test'
  ...
# Subtest: bamboohr source module completes sparse structured EU locations without accepting ambiguous bases
ok 57 - bamboohr source module completes sparse structured EU locations without accepting ambiguous bases
  ---
  duration_ms: 3.745002
  type: 'test'
  ...
# Subtest: bamboohr source module maps locationType and country-token structured locations
ok 58 - bamboohr source module maps locationType and country-token structured locations
  ---
  duration_ms: 4.162896
  type: 'test'
  ...
# Subtest: bamboohr source module maps observed source-local admin and city geo hints
ok 59 - bamboohr source module maps observed source-local admin and city geo hints
  ---
  duration_ms: 3.386652
  type: 'test'
  ...
# Subtest: bamboohr source module treats empty boards and malformed source rows conservatively
ok 60 - bamboohr source module treats empty boards and malformed source rows conservatively
  ---
  duration_ms: 1.036548
  type: 'test'
  ...
# Subtest: zoho source module parses hidden JSON variants for localized geo and remote evidence
ok 61 - zoho source module parses hidden JSON variants for localized geo and remote evidence
  ---
  duration_ms: 4.006489
  type: 'test'
  ...
# Subtest: zoho source module parses registry HTML payload wrappers
ok 62 - zoho source module parses registry HTML payload wrappers
  ---
  duration_ms: 0.58417
  type: 'test'
  ...
# Subtest: zoho source module normalizes explicit country payload tokens
ok 63 - zoho source module normalizes explicit country payload tokens
  ---
  duration_ms: 1.776123
  type: 'test'
  ...
# Subtest: zoho source module ignores malformed hidden JSON and rows without source ids
ok 64 - zoho source module ignores malformed hidden JSON and rows without source ids
  ---
  duration_ms: 0.464553
  type: 'test'
  ...
# Subtest: recruitcrm source module discovers the public jobs API route
ok 65 - recruitcrm source module discovers the public jobs API route
  ---
  duration_ms: 0.240166
  type: 'test'
  ...
# Subtest: recruitcrm source module fetches paginated public API batches with POST metadata
ok 66 - recruitcrm source module fetches paginated public API batches with POST metadata
  ---
  duration_ms: 0.896733
  type: 'test'
  ...
# Subtest: recruitcrm source module keeps remote evidence source-specific
ok 67 - recruitcrm source module keeps remote evidence source-specific
  ---
  duration_ms: 6.003632
  type: 'test'
  ...
# Subtest: recruitcrm source module preserves nested and string location evidence
ok 68 - recruitcrm source module preserves nested and string location evidence
  ---
  duration_ms: 2.593115
  type: 'test'
  ...
# Subtest: recruitcrm source module maps source-local structured city country hints
ok 69 - recruitcrm source module maps source-local structured city country hints
  ---
  duration_ms: 5.502351
  type: 'test'
  ...
# Subtest: recruitcrm source module quarantines malformed or unsupported raw list shapes
ok 70 - recruitcrm source module quarantines malformed or unsupported raw list shapes
  ---
  duration_ms: 2.466324
  type: 'test'
  ...
# Subtest: recruitee source module fetches public offers API with source-local discovery
ok 71 - recruitee source module fetches public offers API with source-local discovery
  ---
  duration_ms: 0.818454
  type: 'test'
  ...
# Subtest: recruitee source module parses raw list variants for remote, hybrid, and onsite jobs
ok 72 - recruitee source module parses raw list variants for remote, hybrid, and onsite jobs
  ---
  duration_ms: 1.851807
  type: 'test'
  ...
# Subtest: recruitee source module parses embedded PublicApp data-props without fabricating missing fields
ok 73 - recruitee source module parses embedded PublicApp data-props without fabricating missing fields
  ---
  duration_ms: 1.350034
  type: 'test'
  ...
# Subtest: recruitee source module quarantines raw list rows with missing geo and no remote evidence
ok 74 - recruitee source module quarantines raw list rows with missing geo and no remote evidence
  ---
  duration_ms: 0.766967
  type: 'test'
  ...
# Subtest: recruitee source module ignores malformed or unsupported raw list shapes
ok 75 - recruitee source module ignores malformed or unsupported raw list shapes
  ---
  duration_ms: 0.601923
  type: 'test'
  ...
# Subtest: recruitee source module does not require a detail response fixture
ok 76 - recruitee source module does not require a detail response fixture
  ---
  duration_ms: 0.367137
  type: 'test'
  ...
1..76
# tests 76
# suites 0
# pass 75
# fail 1
# cancelled 0
# skipped 0
# todo 0
# duration_ms 326.527133
